{
    "Jonas": {
        "Sophie": {
            "Nick": {
                "Pete": {},
                "Barbara": {}
            }
        }
    }
}